INFO:     Started server process [8564]
INFO:     Waiting for application startup.
INFO:     Application startup complete.
INFO:     Uvicorn running on http://127.0.0.1:8765 (Press CTRL+C to quit)
INFO:     127.0.0.1:50224 - "WebSocket /scan/raster/stream" [accepted]
INFO:     connection open
setConfiguration() not supported on this platform; continuing with current config
FIFO: _activate pipe=0  OUT EP=0x02 If=0  IN EP=0x86 If=2  config=1
setInterfaceAltSetting If2 alt=1 OK
setInterfaceAltSetting If0 alt=1 OK
FIFO: pipelining 16 reads on EP 0x86
FIFO: deasserting multiplexer reset (addr=3)
FIFO: _activate complete
display.enabled=true but display.saveAs is empty for kind=raster; skipping save
INFO:     connection closed
INFO:     127.0.0.1:58662 - "WebSocket /scan/raster/stream" [accepted]
INFO:     connection open
setConfiguration() not supported on this platform; continuing with current config
FIFO: _activate pipe=0  OUT EP=0x02 If=0  IN EP=0x86 If=2  config=1
setInterfaceAltSetting If2 alt=1 OK
setInterfaceAltSetting If0 alt=1 OK
FIFO: pipelining 16 reads on EP 0x86
FIFO: deasserting multiplexer reset (addr=3)
FIFO: _activate complete
display.enabled=true but display.saveAs is empty for kind=raster; skipping save
INFO:     connection closed
